Archive member included because of file (symbol)

c:/winavr/bin/../lib/gcc/avr/4.3.3/avr5\libgcc.a(_exit.o)
                              c:/winavr/bin/../lib/gcc/avr/4.3.3/../../../../avr/lib/avr5/crtm16a.o (exit)
c:/winavr/bin/../lib/gcc/avr/4.3.3/avr5\libgcc.a(_clear_bss.o)
                              twi_slave.o (__do_clear_bss)

Allocating common symbols
Common symbol       size              file

movement_data       0x6               reglering.o
local_walls         0x9               reglering.o
local_searched      0x9               reglering.o
data                0x6               twi_slave.o

Memory Configuration

Name             Origin             Length             Attributes
text             0x00000000         0x00020000         xr
data             0x00800060         0x0000ffa0         rw !x
eeprom           0x00810000         0x00010000         rw !x
fuse             0x00820000         0x00000400         rw !x
lock             0x00830000         0x00000400         rw !x
signature        0x00840000         0x00000400         rw !x
*default*        0x00000000         0xffffffff

Linker script and memory map

LOAD c:/winavr/bin/../lib/gcc/avr/4.3.3/../../../../avr/lib/avr5/crtm16a.o
LOAD twi_slave.o
LOAD adc.o
LOAD main.o
LOAD timer.o
LOAD reglering.o
LOAD c:/winavr/bin/../lib/gcc/avr/4.3.3/avr5\libgcc.a
LOAD c:/winavr/bin/../lib/gcc/avr/4.3.3/../../../../avr/lib/avr5\libc.a
LOAD c:/winavr/bin/../lib/gcc/avr/4.3.3/avr5\libgcc.a

.hash
 *(.hash)

.dynsym
 *(.dynsym)

.dynstr
 *(.dynstr)

.gnu.version
 *(.gnu.version)

.gnu.version_d
 *(.gnu.version_d)

.gnu.version_r
 *(.gnu.version_r)

.rel.init
 *(.rel.init)

.rela.init
 *(.rela.init)

.rel.text
 *(.rel.text)
 *(.rel.text.*)
 *(.rel.gnu.linkonce.t*)

.rela.text
 *(.rela.text)
 *(.rela.text.*)
 *(.rela.gnu.linkonce.t*)

.rel.fini
 *(.rel.fini)

.rela.fini
 *(.rela.fini)

.rel.rodata
 *(.rel.rodata)
 *(.rel.rodata.*)
 *(.rel.gnu.linkonce.r*)

.rela.rodata
 *(.rela.rodata)
 *(.rela.rodata.*)
 *(.rela.gnu.linkonce.r*)

.rel.data
 *(.rel.data)
 *(.rel.data.*)
 *(.rel.gnu.linkonce.d*)

.rela.data
 *(.rela.data)
 *(.rela.data.*)
 *(.rela.gnu.linkonce.d*)

.rel.ctors
 *(.rel.ctors)

.rela.ctors
 *(.rela.ctors)

.rel.dtors
 *(.rel.dtors)

.rela.dtors
 *(.rela.dtors)

.rel.got
 *(.rel.got)

.rela.got
 *(.rela.got)

.rel.bss
 *(.rel.bss)

.rela.bss
 *(.rela.bss)

.rel.plt
 *(.rel.plt)

.rela.plt
 *(.rela.plt)

.text           0x00000000      0x68a
 *(.vectors)
 .vectors       0x00000000       0x54 c:/winavr/bin/../lib/gcc/avr/4.3.3/../../../../avr/lib/avr5/crtm16a.o
                0x00000000                __vectors
                0x00000000                __vector_default
 *(.vectors)
 *(.progmem.gcc*)
 *(.progmem*)
                0x00000054                . = ALIGN (0x2)
                0x00000054                __trampolines_start = .
 *(.trampolines)
 .trampolines   0x00000054        0x0 linker stubs
 *(.trampolines*)
                0x00000054                __trampolines_end = .
 *(.jumptables)
 *(.jumptables*)
 *(.lowtext)
 *(.lowtext*)
                0x00000054                __ctors_start = .
 *(.ctors)
                0x00000054                __ctors_end = .
                0x00000054                __dtors_start = .
 *(.dtors)
                0x00000054                __dtors_end = .
 SORT(*)(.ctors)
 SORT(*)(.dtors)
 *(.init0)
 .init0         0x00000054        0x0 c:/winavr/bin/../lib/gcc/avr/4.3.3/../../../../avr/lib/avr5/crtm16a.o
                0x00000054                __init
 *(.init0)
 *(.init1)
 *(.init1)
 *(.init2)
 .init2         0x00000054        0xc c:/winavr/bin/../lib/gcc/avr/4.3.3/../../../../avr/lib/avr5/crtm16a.o
 *(.init2)
 *(.init3)
 *(.init3)
 *(.init4)
 .init4         0x00000060       0x10 c:/winavr/bin/../lib/gcc/avr/4.3.3/avr5\libgcc.a(_clear_bss.o)
                0x00000060                __do_clear_bss
 *(.init4)
 *(.init5)
 *(.init5)
 *(.init6)
 *(.init6)
 *(.init7)
 *(.init7)
 *(.init8)
 *(.init8)
 *(.init9)
 .init9         0x00000070        0x8 c:/winavr/bin/../lib/gcc/avr/4.3.3/../../../../avr/lib/avr5/crtm16a.o
 *(.init9)
 *(.text)
 .text          0x00000078        0x4 c:/winavr/bin/../lib/gcc/avr/4.3.3/../../../../avr/lib/avr5/crtm16a.o
                0x00000078                __vector_1
                0x00000078                __vector_12
                0x00000078                __bad_interrupt
                0x00000078                __vector_6
                0x00000078                __vector_3
                0x00000078                __vector_11
                0x00000078                __vector_13
                0x00000078                __vector_19
                0x00000078                __vector_7
                0x00000078                __vector_5
                0x00000078                __vector_4
                0x00000078                __vector_2
                0x00000078                __vector_15
                0x00000078                __vector_8
                0x00000078                __vector_10
                0x00000078                __vector_16
                0x00000078                __vector_18
                0x00000078                __vector_20
 .text          0x0000007c      0x16e twi_slave.o
                0x0000007c                TWIslave_init
                0x000000fe                __vector_17
                0x00000086                interpret_data
 .text          0x000001ea      0x16a adc.o
                0x00000246                decide_side_wall
                0x00000202                read_sensors
                0x000001ea                ADCinit
                0x0000022e                set_measurements
                0x000002d4                __vector_14
                0x00000216                get_measurements
 .text          0x00000354       0x14 main.o
                0x00000354                main
 .text          0x00000368       0x56 timer.o
                0x00000376                __vector_9
                0x00000368                TIMER0init
 .text          0x000003be      0x2c8 reglering.o
                0x00000648                movement_direction
                0x0000043e                look_for_front_wall
                0x000003be                get_local_wall
                0x000005bc                start_up_routine
                0x000005b2                reglera
                0x000003fa                get_local_searched
                0x000005c2                look_for_walls
                0x000003d6                set_local_wall
                0x0000053c                look_for_right_wall
                0x00000436                modulo_6
                0x00000482                look_for_left_wall
                0x000004f8                look_for_back_wall
                0x00000412                set_local_searched
 .text          0x00000686        0x0 c:/winavr/bin/../lib/gcc/avr/4.3.3/avr5\libgcc.a(_exit.o)
 .text          0x00000686        0x0 c:/winavr/bin/../lib/gcc/avr/4.3.3/avr5\libgcc.a(_clear_bss.o)
                0x00000686                . = ALIGN (0x2)
 *(.text.*)
 .text.libgcc   0x00000686        0x0 c:/winavr/bin/../lib/gcc/avr/4.3.3/avr5\libgcc.a(_exit.o)
 .text.libgcc   0x00000686        0x0 c:/winavr/bin/../lib/gcc/avr/4.3.3/avr5\libgcc.a(_clear_bss.o)
                0x00000686                . = ALIGN (0x2)
 *(.fini9)
 .fini9         0x00000686        0x0 c:/winavr/bin/../lib/gcc/avr/4.3.3/avr5\libgcc.a(_exit.o)
                0x00000686                exit
                0x00000686                _exit
 *(.fini9)
 *(.fini8)
 *(.fini8)
 *(.fini7)
 *(.fini7)
 *(.fini6)
 *(.fini6)
 *(.fini5)
 *(.fini5)
 *(.fini4)
 *(.fini4)
 *(.fini3)
 *(.fini3)
 *(.fini2)
 *(.fini2)
 *(.fini1)
 *(.fini1)
 *(.fini0)
 .fini0         0x00000686        0x4 c:/winavr/bin/../lib/gcc/avr/4.3.3/avr5\libgcc.a(_exit.o)
 *(.fini0)
                0x0000068a                _etext = .

.data           0x00800060        0x0 load address 0x0000068a
                0x00800060                PROVIDE (__data_start, .)
 *(.data)
 .data          0x00800060        0x0 c:/winavr/bin/../lib/gcc/avr/4.3.3/../../../../avr/lib/avr5/crtm16a.o
 .data          0x00800060        0x0 twi_slave.o
 .data          0x00800060        0x0 adc.o
 .data          0x00800060        0x0 main.o
 .data          0x00800060        0x0 timer.o
 .data          0x00800060        0x0 reglering.o
 .data          0x00800060        0x0 c:/winavr/bin/../lib/gcc/avr/4.3.3/avr5\libgcc.a(_exit.o)
 .data          0x00800060        0x0 c:/winavr/bin/../lib/gcc/avr/4.3.3/avr5\libgcc.a(_clear_bss.o)
 *(.data*)
 *(.rodata)
 *(.rodata*)
 *(.gnu.linkonce.d*)
                0x00800060                . = ALIGN (0x2)
                0x00800060                _edata = .
                0x00800060                PROVIDE (__data_end, .)

.bss            0x00800060       0x3f
                0x00800060                PROVIDE (__bss_start, .)
 *(.bss)
 .bss           0x00800060        0x0 c:/winavr/bin/../lib/gcc/avr/4.3.3/../../../../avr/lib/avr5/crtm16a.o
 .bss           0x00800060        0x1 twi_slave.o
                0x00800060                bytes
 .bss           0x00800061       0x1e adc.o
                0x00800063                measurements
                0x0080007e                direction
                0x00800061                adc_ch
                0x00800062                mode
                0x0080007b                reads
                0x0080007d                side_wall
                0x0080007c                mesurement
 .bss           0x0080007f        0x0 main.o
 .bss           0x0080007f        0x0 timer.o
 .bss           0x0080007f        0x2 reglering.o
                0x0080007f                regulation_mode
                0x00800080                global_north
 .bss           0x00800081        0x0 c:/winavr/bin/../lib/gcc/avr/4.3.3/avr5\libgcc.a(_exit.o)
 .bss           0x00800081        0x0 c:/winavr/bin/../lib/gcc/avr/4.3.3/avr5\libgcc.a(_clear_bss.o)
 *(.bss*)
 *(COMMON)
 COMMON         0x00800081        0x6 twi_slave.o
                0x00800081                data
 COMMON         0x00800087       0x18 reglering.o
                0x00800087                movement_data
                0x0080008d                local_walls
                0x00800096                local_searched
                0x0080009f                PROVIDE (__bss_end, .)
                0x0000068a                __data_load_start = LOADADDR (.data)
                0x0000068a                __data_load_end = (__data_load_start + SIZEOF (.data))

.noinit         0x0080009f        0x0
                0x0080009f                PROVIDE (__noinit_start, .)
 *(.noinit*)
                0x0080009f                PROVIDE (__noinit_end, .)
                0x0080009f                _end = .
                0x0080009f                PROVIDE (__heap_start, .)

.eeprom         0x00810000        0x0
 *(.eeprom*)
                0x00810000                __eeprom_end = .

.fuse
 *(.fuse)
 *(.lfuse)
 *(.hfuse)
 *(.efuse)

.lock
 *(.lock*)

.signature
 *(.signature*)

.stab
 *(.stab)

.stabstr
 *(.stabstr)

.stab.excl
 *(.stab.excl)

.stab.exclstr
 *(.stab.exclstr)

.stab.index
 *(.stab.index)

.stab.indexstr
 *(.stab.indexstr)

.comment
 *(.comment)

.debug
 *(.debug)

.line
 *(.line)

.debug_srcinfo
 *(.debug_srcinfo)

.debug_sfnames
 *(.debug_sfnames)

.debug_aranges  0x00000000       0xa0
 *(.debug_aranges)
 .debug_aranges
                0x00000000       0x20 twi_slave.o
 .debug_aranges
                0x00000020       0x20 adc.o
 .debug_aranges
                0x00000040       0x20 main.o
 .debug_aranges
                0x00000060       0x20 timer.o
 .debug_aranges
                0x00000080       0x20 reglering.o

.debug_pubnames
                0x00000000      0x3f6
 *(.debug_pubnames)
 .debug_pubnames
                0x00000000       0x9b twi_slave.o
 .debug_pubnames
                0x0000009b       0xec adc.o
 .debug_pubnames
                0x00000187       0x6f main.o
 .debug_pubnames
                0x000001f6       0x5d timer.o
 .debug_pubnames
                0x00000253      0x1a3 reglering.o

.debug_info     0x00000000     0x144e
 *(.debug_info)
 .debug_info    0x00000000      0x1a4 twi_slave.o
 .debug_info    0x000001a4      0x274 adc.o
 .debug_info    0x00000418      0x112 main.o
 .debug_info    0x0000052a       0xd2 timer.o
 .debug_info    0x000005fc      0xe52 reglering.o
 *(.gnu.linkonce.wi.*)

.debug_abbrev   0x00000000      0x4bc
 *(.debug_abbrev)
 .debug_abbrev  0x00000000       0xcc twi_slave.o
 .debug_abbrev  0x000000cc      0x158 adc.o
 .debug_abbrev  0x00000224       0x72 main.o
 .debug_abbrev  0x00000296       0x6a timer.o
 .debug_abbrev  0x00000300      0x1bc reglering.o

.debug_line     0x00000000      0x959
 *(.debug_line)
 .debug_line    0x00000000      0x16d twi_slave.o
 .debug_line    0x0000016d      0x1db adc.o
 .debug_line    0x00000348       0xb8 main.o
 .debug_line    0x00000400       0xa3 timer.o
 .debug_line    0x000004a3      0x4b6 reglering.o

.debug_frame    0x00000000      0x1e0
 *(.debug_frame)
 .debug_frame   0x00000000       0x40 twi_slave.o
 .debug_frame   0x00000040       0x70 adc.o
 .debug_frame   0x000000b0       0x20 main.o
 .debug_frame   0x000000d0       0x30 timer.o
 .debug_frame   0x00000100       0xe0 reglering.o

.debug_str      0x00000000      0x2bb
 *(.debug_str)
 .debug_str     0x00000000       0xcf twi_slave.o
                                0x11f (size before relaxing)
 .debug_str     0x000000cf       0x6f adc.o
                                0x151 (size before relaxing)
 .debug_str     0x0000013e        0xf main.o
                                 0xdb (size before relaxing)
 .debug_str     0x0000014d       0x21 timer.o
                                 0xcd (size before relaxing)
 .debug_str     0x0000016e      0x14d reglering.o
                                0x1ec (size before relaxing)

.debug_loc      0x00000000      0x3a9
 *(.debug_loc)
 .debug_loc     0x00000000       0x64 adc.o
 .debug_loc     0x00000064      0x345 reglering.o

.debug_macinfo
 *(.debug_macinfo)
OUTPUT(twi_slave.elf elf32-avr)
LOAD linker stubs
