Archive member included because of file (symbol)

c:/winavr/bin/../lib/gcc/avr/4.3.3/avr5\libgcc.a(_exit.o)
                              c:/winavr/bin/../lib/gcc/avr/4.3.3/../../../../avr/lib/avr5/crtm16.o (exit)
c:/winavr/bin/../lib/gcc/avr/4.3.3/avr5\libgcc.a(_copy_data.o)
                              usart.o (__do_copy_data)
c:/winavr/bin/../lib/gcc/avr/4.3.3/avr5\libgcc.a(_clear_bss.o)
                              twi.o (__do_clear_bss)

Allocating common symbols
Common symbol       size              file

ga_i_riktning       0x1               usart.o
kart_data           0x1               usart.o
sensor5_data        0x1               usart.o
regler_data         0x1               usart.o
mottagendata_ledig  0x1               usart.o
framatriktning_data
                    0x1               usart.o
mottagen_data       0x32              usart.o
sensor4_data        0x1               usart.o
byte                0x1               usart.o
sensor1_data        0x1               usart.o
sensor2_data        0x1               usart.o
position_data       0x1               usart.o
sensor0_data        0x1               usart.o
sensor3_data        0x1               usart.o
buffer_data         0x6               usart.o

Memory Configuration

Name             Origin             Length             Attributes
text             0x00000000         0x00020000         xr
data             0x00800060         0x0000ffa0         rw !x
eeprom           0x00810000         0x00010000         rw !x
fuse             0x00820000         0x00000400         rw !x
lock             0x00830000         0x00000400         rw !x
signature        0x00840000         0x00000400         rw !x
*default*        0x00000000         0xffffffff

Linker script and memory map

LOAD c:/winavr/bin/../lib/gcc/avr/4.3.3/../../../../avr/lib/avr5/crtm16.o
LOAD twi.o
LOAD usart.o
LOAD main.o
LOAD timer.o
LOAD c:/winavr/bin/../lib/gcc/avr/4.3.3/avr5\libgcc.a
LOAD c:/winavr/bin/../lib/gcc/avr/4.3.3/../../../../avr/lib/avr5\libc.a
LOAD c:/winavr/bin/../lib/gcc/avr/4.3.3/avr5\libgcc.a

.hash
 *(.hash)

.dynsym
 *(.dynsym)

.dynstr
 *(.dynstr)

.gnu.version
 *(.gnu.version)

.gnu.version_d
 *(.gnu.version_d)

.gnu.version_r
 *(.gnu.version_r)

.rel.init
 *(.rel.init)

.rela.init
 *(.rela.init)

.rel.text
 *(.rel.text)
 *(.rel.text.*)
 *(.rel.gnu.linkonce.t*)

.rela.text
 *(.rela.text)
 *(.rela.text.*)
 *(.rela.gnu.linkonce.t*)

.rel.fini
 *(.rel.fini)

.rela.fini
 *(.rela.fini)

.rel.rodata
 *(.rel.rodata)
 *(.rel.rodata.*)
 *(.rel.gnu.linkonce.r*)

.rela.rodata
 *(.rela.rodata)
 *(.rela.rodata.*)
 *(.rela.gnu.linkonce.r*)

.rel.data
 *(.rel.data)
 *(.rel.data.*)
 *(.rel.gnu.linkonce.d*)

.rela.data
 *(.rela.data)
 *(.rela.data.*)
 *(.rela.gnu.linkonce.d*)

.rel.ctors
 *(.rel.ctors)

.rela.ctors
 *(.rela.ctors)

.rel.dtors
 *(.rel.dtors)

.rela.dtors
 *(.rela.dtors)

.rel.got
 *(.rel.got)

.rela.got
 *(.rela.got)

.rel.bss
 *(.rel.bss)

.rela.bss
 *(.rela.bss)

.rel.plt
 *(.rel.plt)

.rela.plt
 *(.rela.plt)

.text           0x00000000      0x4c2
 *(.vectors)
 .vectors       0x00000000       0x54 c:/winavr/bin/../lib/gcc/avr/4.3.3/../../../../avr/lib/avr5/crtm16.o
                0x00000000                __vectors
                0x00000000                __vector_default
 *(.vectors)
 *(.progmem.gcc*)
 *(.progmem*)
                0x00000054                . = ALIGN (0x2)
                0x00000054                __trampolines_start = .
 *(.trampolines)
 .trampolines   0x00000054        0x0 linker stubs
 *(.trampolines*)
                0x00000054                __trampolines_end = .
 *(.jumptables)
 *(.jumptables*)
 *(.lowtext)
 *(.lowtext*)
                0x00000054                __ctors_start = .
 *(.ctors)
                0x00000054                __ctors_end = .
                0x00000054                __dtors_start = .
 *(.dtors)
                0x00000054                __dtors_end = .
 SORT(*)(.ctors)
 SORT(*)(.dtors)
 *(.init0)
 .init0         0x00000054        0x0 c:/winavr/bin/../lib/gcc/avr/4.3.3/../../../../avr/lib/avr5/crtm16.o
                0x00000054                __init
 *(.init0)
 *(.init1)
 *(.init1)
 *(.init2)
 .init2         0x00000054        0xc c:/winavr/bin/../lib/gcc/avr/4.3.3/../../../../avr/lib/avr5/crtm16.o
 *(.init2)
 *(.init3)
 *(.init3)
 *(.init4)
 .init4         0x00000060       0x16 c:/winavr/bin/../lib/gcc/avr/4.3.3/avr5\libgcc.a(_copy_data.o)
                0x00000060                __do_copy_data
 .init4         0x00000076       0x10 c:/winavr/bin/../lib/gcc/avr/4.3.3/avr5\libgcc.a(_clear_bss.o)
                0x00000076                __do_clear_bss
 *(.init4)
 *(.init5)
 *(.init5)
 *(.init6)
 *(.init6)
 *(.init7)
 *(.init7)
 *(.init8)
 *(.init8)
 *(.init9)
 .init9         0x00000086        0x8 c:/winavr/bin/../lib/gcc/avr/4.3.3/../../../../avr/lib/avr5/crtm16.o
 *(.init9)
 *(.text)
 .text          0x0000008e        0x4 c:/winavr/bin/../lib/gcc/avr/4.3.3/../../../../avr/lib/avr5/crtm16.o
                0x0000008e                __vector_1
                0x0000008e                __vector_12
                0x0000008e                __bad_interrupt
                0x0000008e                __vector_6
                0x0000008e                __vector_3
                0x0000008e                __vector_17
                0x0000008e                __vector_19
                0x0000008e                __vector_7
                0x0000008e                __vector_5
                0x0000008e                __vector_4
                0x0000008e                __vector_2
                0x0000008e                __vector_15
                0x0000008e                __vector_8
                0x0000008e                __vector_14
                0x0000008e                __vector_10
                0x0000008e                __vector_16
                0x0000008e                __vector_18
                0x0000008e                __vector_20
 .text          0x00000092      0x150 twi.o
                0x00000092                twi_init
                0x00000142                i2c_readbyte
                0x0000009a                i2c_transmit
                0x000000c6                i2c_writebyte
 .text          0x000001e2      0x1ac usart.o
                0x000001f8                GetDataType
                0x0000025e                __vector_11
                0x00000202                __vector_13
                0x000001e2                USART_Init
                0x00000218                USART_Transmit
                0x000001fe                GetNumberOfBytes
 .text          0x0000038e       0x10 main.o
                0x0000038e                main
 .text          0x0000039e      0x120 timer.o
                0x000003ac                __vector_9
                0x0000039e                TIMER0init
 .text          0x000004be        0x0 c:/winavr/bin/../lib/gcc/avr/4.3.3/avr5\libgcc.a(_exit.o)
 .text          0x000004be        0x0 c:/winavr/bin/../lib/gcc/avr/4.3.3/avr5\libgcc.a(_copy_data.o)
 .text          0x000004be        0x0 c:/winavr/bin/../lib/gcc/avr/4.3.3/avr5\libgcc.a(_clear_bss.o)
                0x000004be                . = ALIGN (0x2)
 *(.text.*)
 .text.libgcc   0x000004be        0x0 c:/winavr/bin/../lib/gcc/avr/4.3.3/avr5\libgcc.a(_exit.o)
 .text.libgcc   0x000004be        0x0 c:/winavr/bin/../lib/gcc/avr/4.3.3/avr5\libgcc.a(_copy_data.o)
 .text.libgcc   0x000004be        0x0 c:/winavr/bin/../lib/gcc/avr/4.3.3/avr5\libgcc.a(_clear_bss.o)
                0x000004be                . = ALIGN (0x2)
 *(.fini9)
 .fini9         0x000004be        0x0 c:/winavr/bin/../lib/gcc/avr/4.3.3/avr5\libgcc.a(_exit.o)
                0x000004be                exit
                0x000004be                _exit
 *(.fini9)
 *(.fini8)
 *(.fini8)
 *(.fini7)
 *(.fini7)
 *(.fini6)
 *(.fini6)
 *(.fini5)
 *(.fini5)
 *(.fini4)
 *(.fini4)
 *(.fini3)
 *(.fini3)
 *(.fini2)
 *(.fini2)
 *(.fini1)
 *(.fini1)
 *(.fini0)
 .fini0         0x000004be        0x4 c:/winavr/bin/../lib/gcc/avr/4.3.3/avr5\libgcc.a(_exit.o)
 *(.fini0)
                0x000004c2                _etext = .

.data           0x00800060        0x2 load address 0x000004c2
                0x00800060                PROVIDE (__data_start, .)
 *(.data)
 .data          0x00800060        0x0 c:/winavr/bin/../lib/gcc/avr/4.3.3/../../../../avr/lib/avr5/crtm16.o
 .data          0x00800060        0x0 twi.o
 .data          0x00800060        0x1 usart.o
                0x00800060                styr_adress
 .data          0x00800061        0x0 main.o
 .data          0x00800061        0x0 timer.o
 .data          0x00800061        0x0 c:/winavr/bin/../lib/gcc/avr/4.3.3/avr5\libgcc.a(_exit.o)
 .data          0x00800061        0x0 c:/winavr/bin/../lib/gcc/avr/4.3.3/avr5\libgcc.a(_copy_data.o)
 .data          0x00800061        0x0 c:/winavr/bin/../lib/gcc/avr/4.3.3/avr5\libgcc.a(_clear_bss.o)
 *(.data*)
 *(.rodata)
 *(.rodata*)
 *(.gnu.linkonce.d*)
                0x00800062                . = ALIGN (0x2)
 *fill*         0x00800061        0x1 00
                0x00800062                _edata = .
                0x00800062                PROVIDE (__data_end, .)

.bss            0x00800062       0x5a
                0x00800062                PROVIDE (__bss_start, .)
 *(.bss)
 .bss           0x00800062        0x0 c:/winavr/bin/../lib/gcc/avr/4.3.3/../../../../avr/lib/avr5/crtm16.o
 .bss           0x00800062        0x6 twi.o
                0x00800062                data
 .bss           0x00800068        0x7 usart.o
                0x00800069                data_typ
                0x0080006d                sandning_typ
                0x00800068                nuvarande_bytes
                0x0080006a                antal_bytes
                0x0080006b                steg
 .bss           0x0080006f        0x0 main.o
 .bss           0x0080006f        0x8 timer.o
                0x0080006f                send_data
                0x00800075                timersteg
 .bss           0x00800077        0x0 c:/winavr/bin/../lib/gcc/avr/4.3.3/avr5\libgcc.a(_exit.o)
 .bss           0x00800077        0x0 c:/winavr/bin/../lib/gcc/avr/4.3.3/avr5\libgcc.a(_copy_data.o)
 .bss           0x00800077        0x0 c:/winavr/bin/../lib/gcc/avr/4.3.3/avr5\libgcc.a(_clear_bss.o)
 *(.bss*)
 *(COMMON)
 COMMON         0x00800077       0x45 usart.o
                0x00800077                ga_i_riktning
                0x00800078                kart_data
                0x00800079                sensor5_data
                0x0080007a                regler_data
                0x0080007b                mottagendata_ledig
                0x0080007c                framatriktning_data
                0x0080007d                mottagen_data
                0x008000af                sensor4_data
                0x008000b0                byte
                0x008000b1                sensor1_data
                0x008000b2                sensor2_data
                0x008000b3                position_data
                0x008000b4                sensor0_data
                0x008000b5                sensor3_data
                0x008000b6                buffer_data
                0x008000bc                PROVIDE (__bss_end, .)
                0x000004c2                __data_load_start = LOADADDR (.data)
                0x000004c4                __data_load_end = (__data_load_start + SIZEOF (.data))

.noinit         0x008000bc        0x0
                0x008000bc                PROVIDE (__noinit_start, .)
 *(.noinit*)
                0x008000bc                PROVIDE (__noinit_end, .)
                0x008000bc                _end = .
                0x008000bc                PROVIDE (__heap_start, .)

.eeprom         0x00810000        0x0
 *(.eeprom*)
                0x00810000                __eeprom_end = .

.fuse
 *(.fuse)
 *(.lfuse)
 *(.hfuse)
 *(.efuse)

.lock
 *(.lock*)

.signature
 *(.signature*)

.stab
 *(.stab)

.stabstr
 *(.stabstr)

.stab.excl
 *(.stab.excl)

.stab.exclstr
 *(.stab.exclstr)

.stab.index
 *(.stab.index)

.stab.indexstr
 *(.stab.indexstr)

.comment
 *(.comment)

.debug
 *(.debug)

.line
 *(.line)

.debug_srcinfo
 *(.debug_srcinfo)

.debug_sfnames
 *(.debug_sfnames)

.debug_aranges  0x00000000       0x80
 *(.debug_aranges)
 .debug_aranges
                0x00000000       0x20 twi.o
 .debug_aranges
                0x00000020       0x20 usart.o
 .debug_aranges
                0x00000040       0x20 main.o
 .debug_aranges
                0x00000060       0x20 timer.o

.debug_pubnames
                0x00000000      0x4ad
 *(.debug_pubnames)
 .debug_pubnames
                0x00000000       0x5c twi.o
 .debug_pubnames
                0x0000005c      0x1d6 usart.o
 .debug_pubnames
                0x00000232      0x125 main.o
 .debug_pubnames
                0x00000357      0x156 timer.o

.debug_info     0x00000000      0x89f
 *(.debug_info)
 .debug_info    0x00000000      0x1c3 twi.o
 .debug_info    0x000001c3      0x329 usart.o
 .debug_info    0x000004ec      0x1b1 main.o
 .debug_info    0x0000069d      0x202 timer.o
 *(.gnu.linkonce.wi.*)

.debug_abbrev   0x00000000      0x30b
 *(.debug_abbrev)
 .debug_abbrev  0x00000000       0xd4 twi.o
 .debug_abbrev  0x000000d4      0x123 usart.o
 .debug_abbrev  0x000001f7       0x78 main.o
 .debug_abbrev  0x0000026f       0x9c timer.o

.debug_line     0x00000000      0x67d
 *(.debug_line)
 .debug_line    0x00000000      0x1d6 twi.o
 .debug_line    0x000001d6      0x26d usart.o
 .debug_line    0x00000443       0xc8 main.o
 .debug_line    0x0000050b      0x172 timer.o

.debug_frame    0x00000000      0x110
 *(.debug_frame)
 .debug_frame   0x00000000       0x50 twi.o
 .debug_frame   0x00000050       0x70 usart.o
 .debug_frame   0x000000c0       0x20 main.o
 .debug_frame   0x000000e0       0x30 timer.o

.debug_str      0x00000000      0x282
 *(.debug_str)
 .debug_str     0x00000000       0xd5 twi.o
                                0x120 (size before relaxing)
 .debug_str     0x000000d5      0x173 usart.o
                                0x21b (size before relaxing)
 .debug_str     0x00000248        0xf main.o
                                0x178 (size before relaxing)
 .debug_str     0x00000257       0x2b timer.o
                                0x1a3 (size before relaxing)

.debug_loc      0x00000000      0x208
 *(.debug_loc)
 .debug_loc     0x00000000      0x1ba twi.o
 .debug_loc     0x000001ba       0x4e usart.o

.debug_macinfo
 *(.debug_macinfo)
OUTPUT(kom-enhet.elf elf32-avr)
LOAD linker stubs
